// Jest Snapshot v1, https://goo.gl/fbAQLP

exports[`ShieldsService should create an all achievements shield with number of defined achievements 1`] = `"<svg xmlns=\\"http://www.w3.org/2000/svg\\" xmlns:xlink=\\"http://www.w3.org/1999/xlink\\" width=\\"161\\" height=\\"28\\"><g shape-rendering=\\"crispEdges\\"><path fill=\\"#894597\\" d=\\"M0 0h132v28H0z\\"/><path fill=\\"#5d5d5d\\" d=\\"M132 0h29v28H132z\\"/></g><g fill=\\"#fff\\" text-anchor=\\"middle\\" font-family=\\"DejaVu Sans,Verdana,Geneva,sans-serif\\" font-size=\\"100\\"><image x=\\"9\\" y=\\"7\\" width=\\"14\\" height=\\"14\\" xlink:href=\\"data:image/png;base64,iVBORw0KGgoAAAANSUhEUgAAACAAAAAgCAYAAABzenr0AAAABmJLR0QA/wD/AP+gvaeTAAAA/0lEQVRYhe3WMU7DMBjFcadqh0qdWWBl7QU4Ss/AjsREF8RdOhYO0EqoN2DhFIgBOvBjIIMVxSFyUiEhP8lD7C/v/T97sEMoKkoIe+Npn8qpOgCM2VBVVa1ZkzFDcjQdapDqLIR+u/jnO1AACkABKABdAO9DjHEWfb7lALwOAQghXPXx6gJ4zE3GJIRwE0095Zhc4PO3iz7x7zoq+cB5bifr9tg0AK7xFZXcZYXXZjNs+wBgiofG8hazbIDaeI5dFwAu8dxY2mE+KDyCWGCTYLj3c86xNliMEh5BVLjFseNEjnVN8pU0BsgSh5bwA5YnC25AVFjhpR6rk3Zd9K/1Dcae2pUn6mqiAAAAAElFTkSuQmCC\\"/> <text x=\\"745\\" y=\\"175\\" transform=\\"scale(.1)\\" textLength=\\"910\\">ACHIEVEMENTS</text><text x=\\"1465\\" y=\\"175\\" font-weight=\\"bold\\" transform=\\"scale(.1)\\" textLength=\\"50\\">2</text></g> </svg>"`;
