// Jest Snapshot v1, https://goo.gl/fbAQLP

exports[`RepoController should throw error if repo not found 1`] = `"Repo with name mockname not found"`;
